PC : 4096
Registers : 
	reg[0] = 0
	reg[1] = 0
	reg[2] = 0
	reg[3] = 0
	reg[4] = 0
	reg[5] = 0
	reg[6] = 0
	reg[7] = 0
	reg[8] = 0
	reg[9] = 0
	reg[10] = 0
	reg[11] = 0
	reg[12] = 0
	reg[13] = 0
	reg[14] = 0
	reg[15] = 0
	reg[16] = 0
	reg[17] = 0
	reg[18] = 0
	reg[19] = 0
	reg[20] = 0
	reg[21] = 0
	reg[22] = 0
	reg[23] = 0
	reg[24] = 0
	reg[25] = 0
	reg[26] = 0
	reg[27] = 0
	reg[28] = 0
	reg[29] = 0
	reg[30] = 0
	reg[31] = 0
Mem (+- 5 starting with from pc)
	mem[pc + (-5)] : 00000000000000000000000000000000
	mem[pc + (-4)] : 00000000000000000000000000000000
	mem[pc + (-3)] : 00000000000000000000000000000000
	mem[pc + (-2)] : 00000000000000000000000000000000
	mem[pc + (-1)] : 00000000000000000000000000000000
	mem[pc + (0)] : 00000000000100000000000010010011
	mem[pc + (1)] : 00000000000100000000000100010011
	mem[pc + (2)] : 00000000010100000000001000010011
	mem[pc + (3)] : 00000000001000001000000110110011
	mem[pc + (4)] : 00000000000000010000000010010011
	mem[pc + (5)] : 00000000000000011000000100010011
some var mem from beginning:
	mem[0] : 00000000000000000000000000000000
	mem[4] : 00000000000000000000000000000000
	mem[8] : 00000000000000000000000000000000
	mem[12] : 00000000000000000000000000000000
	mem[16] : 00000000000000000000000000000000
	mem[20] : 00000000000000000000000000000000
	mem[24] : 00000000000000000000000000000000
	mem[28] : 00000000000000000000000000000000
	mem[32] : 00000000000000000000000000000000
	mem[36] : 00000000000000000000000000000000
	mem[40] : 00000000000000000000000000000000
	mem[44] : 00000000000000000000000000000000
	mem[48] : 00000000000000000000000000000000
	mem[52] : 00000000000000000000000000000000
	mem[56] : 00000000000000000000000000000000
	mem[60] : 00000000000000000000000000000000
	mem[64] : 00000000000000000000000000000000
---------------------------------------------------
PC : 4100
Registers : 
	reg[0] = 0
	reg[1] = 1
	reg[2] = 0
	reg[3] = 0
	reg[4] = 0
	reg[5] = 0
	reg[6] = 0
	reg[7] = 0
	reg[8] = 0
	reg[9] = 0
	reg[10] = 0
	reg[11] = 0
	reg[12] = 0
	reg[13] = 0
	reg[14] = 0
	reg[15] = 0
	reg[16] = 0
	reg[17] = 0
	reg[18] = 0
	reg[19] = 0
	reg[20] = 0
	reg[21] = 0
	reg[22] = 0
	reg[23] = 0
	reg[24] = 0
	reg[25] = 0
	reg[26] = 0
	reg[27] = 0
	reg[28] = 0
	reg[29] = 0
	reg[30] = 0
	reg[31] = 0
Mem (+- 5 starting with from pc)
	mem[pc + (-5)] : 00000000000000000000000000000000
	mem[pc + (-4)] : 00000000000000000000000000000000
	mem[pc + (-3)] : 00000000000000000000000000000000
	mem[pc + (-2)] : 00000000000000000000000000000000
	mem[pc + (-1)] : 00000000000100000000000010010011
	mem[pc + (0)] : 00000000000100000000000100010011
	mem[pc + (1)] : 00000000010100000000001000010011
	mem[pc + (2)] : 00000000001000001000000110110011
	mem[pc + (3)] : 00000000000000010000000010010011
	mem[pc + (4)] : 00000000000000011000000100010011
	mem[pc + (5)] : 11111110010000011001101011100011
some var mem from beginning:
	mem[0] : 00000000000000000000000000000000
	mem[4] : 00000000000000000000000000000000
	mem[8] : 00000000000000000000000000000000
	mem[12] : 00000000000000000000000000000000
	mem[16] : 00000000000000000000000000000000
	mem[20] : 00000000000000000000000000000000
	mem[24] : 00000000000000000000000000000000
	mem[28] : 00000000000000000000000000000000
	mem[32] : 00000000000000000000000000000000
	mem[36] : 00000000000000000000000000000000
	mem[40] : 00000000000000000000000000000000
	mem[44] : 00000000000000000000000000000000
	mem[48] : 00000000000000000000000000000000
	mem[52] : 00000000000000000000000000000000
	mem[56] : 00000000000000000000000000000000
	mem[60] : 00000000000000000000000000000000
	mem[64] : 00000000000000000000000000000000
---------------------------------------------------
PC : 4104
Registers : 
	reg[0] = 0
	reg[1] = 1
	reg[2] = 1
	reg[3] = 0
	reg[4] = 0
	reg[5] = 0
	reg[6] = 0
	reg[7] = 0
	reg[8] = 0
	reg[9] = 0
	reg[10] = 0
	reg[11] = 0
	reg[12] = 0
	reg[13] = 0
	reg[14] = 0
	reg[15] = 0
	reg[16] = 0
	reg[17] = 0
	reg[18] = 0
	reg[19] = 0
	reg[20] = 0
	reg[21] = 0
	reg[22] = 0
	reg[23] = 0
	reg[24] = 0
	reg[25] = 0
	reg[26] = 0
	reg[27] = 0
	reg[28] = 0
	reg[29] = 0
	reg[30] = 0
	reg[31] = 0
Mem (+- 5 starting with from pc)
	mem[pc + (-5)] : 00000000000000000000000000000000
	mem[pc + (-4)] : 00000000000000000000000000000000
	mem[pc + (-3)] : 00000000000000000000000000000000
	mem[pc + (-2)] : 00000000000100000000000010010011
	mem[pc + (-1)] : 00000000000100000000000100010011
	mem[pc + (0)] : 00000000010100000000001000010011
	mem[pc + (1)] : 00000000001000001000000110110011
	mem[pc + (2)] : 00000000000000010000000010010011
	mem[pc + (3)] : 00000000000000011000000100010011
	mem[pc + (4)] : 11111110010000011001101011100011
	mem[pc + (5)] : 01011101000000000000001010010011
some var mem from beginning:
	mem[0] : 00000000000000000000000000000000
	mem[4] : 00000000000000000000000000000000
	mem[8] : 00000000000000000000000000000000
	mem[12] : 00000000000000000000000000000000
	mem[16] : 00000000000000000000000000000000
	mem[20] : 00000000000000000000000000000000
	mem[24] : 00000000000000000000000000000000
	mem[28] : 00000000000000000000000000000000
	mem[32] : 00000000000000000000000000000000
	mem[36] : 00000000000000000000000000000000
	mem[40] : 00000000000000000000000000000000
	mem[44] : 00000000000000000000000000000000
	mem[48] : 00000000000000000000000000000000
	mem[52] : 00000000000000000000000000000000
	mem[56] : 00000000000000000000000000000000
	mem[60] : 00000000000000000000000000000000
	mem[64] : 00000000000000000000000000000000
---------------------------------------------------
PC : 4108
Registers : 
	reg[0] = 0
	reg[1] = 1
	reg[2] = 1
	reg[3] = 0
	reg[4] = 5
	reg[5] = 0
	reg[6] = 0
	reg[7] = 0
	reg[8] = 0
	reg[9] = 0
	reg[10] = 0
	reg[11] = 0
	reg[12] = 0
	reg[13] = 0
	reg[14] = 0
	reg[15] = 0
	reg[16] = 0
	reg[17] = 0
	reg[18] = 0
	reg[19] = 0
	reg[20] = 0
	reg[21] = 0
	reg[22] = 0
	reg[23] = 0
	reg[24] = 0
	reg[25] = 0
	reg[26] = 0
	reg[27] = 0
	reg[28] = 0
	reg[29] = 0
	reg[30] = 0
	reg[31] = 0
Mem (+- 5 starting with from pc)
	mem[pc + (-5)] : 00000000000000000000000000000000
	mem[pc + (-4)] : 00000000000000000000000000000000
	mem[pc + (-3)] : 00000000000100000000000010010011
	mem[pc + (-2)] : 00000000000100000000000100010011
	mem[pc + (-1)] : 00000000010100000000001000010011
	mem[pc + (0)] : 00000000001000001000000110110011
	mem[pc + (1)] : 00000000000000010000000010010011
	mem[pc + (2)] : 00000000000000011000000100010011
	mem[pc + (3)] : 11111110010000011001101011100011
	mem[pc + (4)] : 01011101000000000000001010010011
	mem[pc + (5)] : 00000000000100000000000001110011
some var mem from beginning:
	mem[0] : 00000000000000000000000000000000
	mem[4] : 00000000000000000000000000000000
	mem[8] : 00000000000000000000000000000000
	mem[12] : 00000000000000000000000000000000
	mem[16] : 00000000000000000000000000000000
	mem[20] : 00000000000000000000000000000000
	mem[24] : 00000000000000000000000000000000
	mem[28] : 00000000000000000000000000000000
	mem[32] : 00000000000000000000000000000000
	mem[36] : 00000000000000000000000000000000
	mem[40] : 00000000000000000000000000000000
	mem[44] : 00000000000000000000000000000000
	mem[48] : 00000000000000000000000000000000
	mem[52] : 00000000000000000000000000000000
	mem[56] : 00000000000000000000000000000000
	mem[60] : 00000000000000000000000000000000
	mem[64] : 00000000000000000000000000000000
---------------------------------------------------
PC : 4112
Registers : 
	reg[0] = 0
	reg[1] = 1
	reg[2] = 1
	reg[3] = 2
	reg[4] = 5
	reg[5] = 0
	reg[6] = 0
	reg[7] = 0
	reg[8] = 0
	reg[9] = 0
	reg[10] = 0
	reg[11] = 0
	reg[12] = 0
	reg[13] = 0
	reg[14] = 0
	reg[15] = 0
	reg[16] = 0
	reg[17] = 0
	reg[18] = 0
	reg[19] = 0
	reg[20] = 0
	reg[21] = 0
	reg[22] = 0
	reg[23] = 0
	reg[24] = 0
	reg[25] = 0
	reg[26] = 0
	reg[27] = 0
	reg[28] = 0
	reg[29] = 0
	reg[30] = 0
	reg[31] = 0
Mem (+- 5 starting with from pc)
	mem[pc + (-5)] : 00000000000000000000000000000000
	mem[pc + (-4)] : 00000000000100000000000010010011
	mem[pc + (-3)] : 00000000000100000000000100010011
	mem[pc + (-2)] : 00000000010100000000001000010011
	mem[pc + (-1)] : 00000000001000001000000110110011
	mem[pc + (0)] : 00000000000000010000000010010011
	mem[pc + (1)] : 00000000000000011000000100010011
	mem[pc + (2)] : 11111110010000011001101011100011
	mem[pc + (3)] : 01011101000000000000001010010011
	mem[pc + (4)] : 00000000000100000000000001110011
	mem[pc + (5)] : 00000000000000000000000000000000
some var mem from beginning:
	mem[0] : 00000000000000000000000000000000
	mem[4] : 00000000000000000000000000000000
	mem[8] : 00000000000000000000000000000000
	mem[12] : 00000000000000000000000000000000
	mem[16] : 00000000000000000000000000000000
	mem[20] : 00000000000000000000000000000000
	mem[24] : 00000000000000000000000000000000
	mem[28] : 00000000000000000000000000000000
	mem[32] : 00000000000000000000000000000000
	mem[36] : 00000000000000000000000000000000
	mem[40] : 00000000000000000000000000000000
	mem[44] : 00000000000000000000000000000000
	mem[48] : 00000000000000000000000000000000
	mem[52] : 00000000000000000000000000000000
	mem[56] : 00000000000000000000000000000000
	mem[60] : 00000000000000000000000000000000
	mem[64] : 00000000000000000000000000000000
---------------------------------------------------
PC : 4116
Registers : 
	reg[0] = 0
	reg[1] = 1
	reg[2] = 1
	reg[3] = 2
	reg[4] = 5
	reg[5] = 0
	reg[6] = 0
	reg[7] = 0
	reg[8] = 0
	reg[9] = 0
	reg[10] = 0
	reg[11] = 0
	reg[12] = 0
	reg[13] = 0
	reg[14] = 0
	reg[15] = 0
	reg[16] = 0
	reg[17] = 0
	reg[18] = 0
	reg[19] = 0
	reg[20] = 0
	reg[21] = 0
	reg[22] = 0
	reg[23] = 0
	reg[24] = 0
	reg[25] = 0
	reg[26] = 0
	reg[27] = 0
	reg[28] = 0
	reg[29] = 0
	reg[30] = 0
	reg[31] = 0
Mem (+- 5 starting with from pc)
	mem[pc + (-5)] : 00000000000100000000000010010011
	mem[pc + (-4)] : 00000000000100000000000100010011
	mem[pc + (-3)] : 00000000010100000000001000010011
	mem[pc + (-2)] : 00000000001000001000000110110011
	mem[pc + (-1)] : 00000000000000010000000010010011
	mem[pc + (0)] : 00000000000000011000000100010011
	mem[pc + (1)] : 11111110010000011001101011100011
	mem[pc + (2)] : 01011101000000000000001010010011
	mem[pc + (3)] : 00000000000100000000000001110011
	mem[pc + (4)] : 00000000000000000000000000000000
	mem[pc + (5)] : 00000000000000000000000000000000
some var mem from beginning:
	mem[0] : 00000000000000000000000000000000
	mem[4] : 00000000000000000000000000000000
	mem[8] : 00000000000000000000000000000000
	mem[12] : 00000000000000000000000000000000
	mem[16] : 00000000000000000000000000000000
	mem[20] : 00000000000000000000000000000000
	mem[24] : 00000000000000000000000000000000
	mem[28] : 00000000000000000000000000000000
	mem[32] : 00000000000000000000000000000000
	mem[36] : 00000000000000000000000000000000
	mem[40] : 00000000000000000000000000000000
	mem[44] : 00000000000000000000000000000000
	mem[48] : 00000000000000000000000000000000
	mem[52] : 00000000000000000000000000000000
	mem[56] : 00000000000000000000000000000000
	mem[60] : 00000000000000000000000000000000
	mem[64] : 00000000000000000000000000000000
---------------------------------------------------
PC : 4120
Registers : 
	reg[0] = 0
	reg[1] = 1
	reg[2] = 2
	reg[3] = 2
	reg[4] = 5
	reg[5] = 0
	reg[6] = 0
	reg[7] = 0
	reg[8] = 0
	reg[9] = 0
	reg[10] = 0
	reg[11] = 0
	reg[12] = 0
	reg[13] = 0
	reg[14] = 0
	reg[15] = 0
	reg[16] = 0
	reg[17] = 0
	reg[18] = 0
	reg[19] = 0
	reg[20] = 0
	reg[21] = 0
	reg[22] = 0
	reg[23] = 0
	reg[24] = 0
	reg[25] = 0
	reg[26] = 0
	reg[27] = 0
	reg[28] = 0
	reg[29] = 0
	reg[30] = 0
	reg[31] = 0
Mem (+- 5 starting with from pc)
	mem[pc + (-5)] : 00000000000100000000000100010011
	mem[pc + (-4)] : 00000000010100000000001000010011
	mem[pc + (-3)] : 00000000001000001000000110110011
	mem[pc + (-2)] : 00000000000000010000000010010011
	mem[pc + (-1)] : 00000000000000011000000100010011
	mem[pc + (0)] : 11111110010000011001101011100011
	mem[pc + (1)] : 01011101000000000000001010010011
	mem[pc + (2)] : 00000000000100000000000001110011
	mem[pc + (3)] : 00000000000000000000000000000000
	mem[pc + (4)] : 00000000000000000000000000000000
	mem[pc + (5)] : 00000000000000000000000000000000
some var mem from beginning:
	mem[0] : 00000000000000000000000000000000
	mem[4] : 00000000000000000000000000000000
	mem[8] : 00000000000000000000000000000000
	mem[12] : 00000000000000000000000000000000
	mem[16] : 00000000000000000000000000000000
	mem[20] : 00000000000000000000000000000000
	mem[24] : 00000000000000000000000000000000
	mem[28] : 00000000000000000000000000000000
	mem[32] : 00000000000000000000000000000000
	mem[36] : 00000000000000000000000000000000
	mem[40] : 00000000000000000000000000000000
	mem[44] : 00000000000000000000000000000000
	mem[48] : 00000000000000000000000000000000
	mem[52] : 00000000000000000000000000000000
	mem[56] : 00000000000000000000000000000000
	mem[60] : 00000000000000000000000000000000
	mem[64] : 00000000000000000000000000000000
---------------------------------------------------
PC : 4108
Registers : 
	reg[0] = 0
	reg[1] = 1
	reg[2] = 2
	reg[3] = 2
	reg[4] = 5
	reg[5] = 0
	reg[6] = 0
	reg[7] = 0
	reg[8] = 0
	reg[9] = 0
	reg[10] = 0
	reg[11] = 0
	reg[12] = 0
	reg[13] = 0
	reg[14] = 0
	reg[15] = 0
	reg[16] = 0
	reg[17] = 0
	reg[18] = 0
	reg[19] = 0
	reg[20] = 0
	reg[21] = 0
	reg[22] = 0
	reg[23] = 0
	reg[24] = 0
	reg[25] = 0
	reg[26] = 0
	reg[27] = 0
	reg[28] = 0
	reg[29] = 0
	reg[30] = 0
	reg[31] = 0
Mem (+- 5 starting with from pc)
	mem[pc + (-5)] : 00000000000000000000000000000000
	mem[pc + (-4)] : 00000000000000000000000000000000
	mem[pc + (-3)] : 00000000000100000000000010010011
	mem[pc + (-2)] : 00000000000100000000000100010011
	mem[pc + (-1)] : 00000000010100000000001000010011
	mem[pc + (0)] : 00000000001000001000000110110011
	mem[pc + (1)] : 00000000000000010000000010010011
	mem[pc + (2)] : 00000000000000011000000100010011
	mem[pc + (3)] : 11111110010000011001101011100011
	mem[pc + (4)] : 01011101000000000000001010010011
	mem[pc + (5)] : 00000000000100000000000001110011
some var mem from beginning:
	mem[0] : 00000000000000000000000000000000
	mem[4] : 00000000000000000000000000000000
	mem[8] : 00000000000000000000000000000000
	mem[12] : 00000000000000000000000000000000
	mem[16] : 00000000000000000000000000000000
	mem[20] : 00000000000000000000000000000000
	mem[24] : 00000000000000000000000000000000
	mem[28] : 00000000000000000000000000000000
	mem[32] : 00000000000000000000000000000000
	mem[36] : 00000000000000000000000000000000
	mem[40] : 00000000000000000000000000000000
	mem[44] : 00000000000000000000000000000000
	mem[48] : 00000000000000000000000000000000
	mem[52] : 00000000000000000000000000000000
	mem[56] : 00000000000000000000000000000000
	mem[60] : 00000000000000000000000000000000
	mem[64] : 00000000000000000000000000000000
---------------------------------------------------
PC : 4112
Registers : 
	reg[0] = 0
	reg[1] = 1
	reg[2] = 2
	reg[3] = 3
	reg[4] = 5
	reg[5] = 0
	reg[6] = 0
	reg[7] = 0
	reg[8] = 0
	reg[9] = 0
	reg[10] = 0
	reg[11] = 0
	reg[12] = 0
	reg[13] = 0
	reg[14] = 0
	reg[15] = 0
	reg[16] = 0
	reg[17] = 0
	reg[18] = 0
	reg[19] = 0
	reg[20] = 0
	reg[21] = 0
	reg[22] = 0
	reg[23] = 0
	reg[24] = 0
	reg[25] = 0
	reg[26] = 0
	reg[27] = 0
	reg[28] = 0
	reg[29] = 0
	reg[30] = 0
	reg[31] = 0
Mem (+- 5 starting with from pc)
	mem[pc + (-5)] : 00000000000000000000000000000000
	mem[pc + (-4)] : 00000000000100000000000010010011
	mem[pc + (-3)] : 00000000000100000000000100010011
	mem[pc + (-2)] : 00000000010100000000001000010011
	mem[pc + (-1)] : 00000000001000001000000110110011
	mem[pc + (0)] : 00000000000000010000000010010011
	mem[pc + (1)] : 00000000000000011000000100010011
	mem[pc + (2)] : 11111110010000011001101011100011
	mem[pc + (3)] : 01011101000000000000001010010011
	mem[pc + (4)] : 00000000000100000000000001110011
	mem[pc + (5)] : 00000000000000000000000000000000
some var mem from beginning:
	mem[0] : 00000000000000000000000000000000
	mem[4] : 00000000000000000000000000000000
	mem[8] : 00000000000000000000000000000000
	mem[12] : 00000000000000000000000000000000
	mem[16] : 00000000000000000000000000000000
	mem[20] : 00000000000000000000000000000000
	mem[24] : 00000000000000000000000000000000
	mem[28] : 00000000000000000000000000000000
	mem[32] : 00000000000000000000000000000000
	mem[36] : 00000000000000000000000000000000
	mem[40] : 00000000000000000000000000000000
	mem[44] : 00000000000000000000000000000000
	mem[48] : 00000000000000000000000000000000
	mem[52] : 00000000000000000000000000000000
	mem[56] : 00000000000000000000000000000000
	mem[60] : 00000000000000000000000000000000
	mem[64] : 00000000000000000000000000000000
---------------------------------------------------
PC : 4116
Registers : 
	reg[0] = 0
	reg[1] = 2
	reg[2] = 2
	reg[3] = 3
	reg[4] = 5
	reg[5] = 0
	reg[6] = 0
	reg[7] = 0
	reg[8] = 0
	reg[9] = 0
	reg[10] = 0
	reg[11] = 0
	reg[12] = 0
	reg[13] = 0
	reg[14] = 0
	reg[15] = 0
	reg[16] = 0
	reg[17] = 0
	reg[18] = 0
	reg[19] = 0
	reg[20] = 0
	reg[21] = 0
	reg[22] = 0
	reg[23] = 0
	reg[24] = 0
	reg[25] = 0
	reg[26] = 0
	reg[27] = 0
	reg[28] = 0
	reg[29] = 0
	reg[30] = 0
	reg[31] = 0
Mem (+- 5 starting with from pc)
	mem[pc + (-5)] : 00000000000100000000000010010011
	mem[pc + (-4)] : 00000000000100000000000100010011
	mem[pc + (-3)] : 00000000010100000000001000010011
	mem[pc + (-2)] : 00000000001000001000000110110011
	mem[pc + (-1)] : 00000000000000010000000010010011
	mem[pc + (0)] : 00000000000000011000000100010011
	mem[pc + (1)] : 11111110010000011001101011100011
	mem[pc + (2)] : 01011101000000000000001010010011
	mem[pc + (3)] : 00000000000100000000000001110011
	mem[pc + (4)] : 00000000000000000000000000000000
	mem[pc + (5)] : 00000000000000000000000000000000
some var mem from beginning:
	mem[0] : 00000000000000000000000000000000
	mem[4] : 00000000000000000000000000000000
	mem[8] : 00000000000000000000000000000000
	mem[12] : 00000000000000000000000000000000
	mem[16] : 00000000000000000000000000000000
	mem[20] : 00000000000000000000000000000000
	mem[24] : 00000000000000000000000000000000
	mem[28] : 00000000000000000000000000000000
	mem[32] : 00000000000000000000000000000000
	mem[36] : 00000000000000000000000000000000
	mem[40] : 00000000000000000000000000000000
	mem[44] : 00000000000000000000000000000000
	mem[48] : 00000000000000000000000000000000
	mem[52] : 00000000000000000000000000000000
	mem[56] : 00000000000000000000000000000000
	mem[60] : 00000000000000000000000000000000
	mem[64] : 00000000000000000000000000000000
---------------------------------------------------
PC : 4120
Registers : 
	reg[0] = 0
	reg[1] = 2
	reg[2] = 3
	reg[3] = 3
	reg[4] = 5
	reg[5] = 0
	reg[6] = 0
	reg[7] = 0
	reg[8] = 0
	reg[9] = 0
	reg[10] = 0
	reg[11] = 0
	reg[12] = 0
	reg[13] = 0
	reg[14] = 0
	reg[15] = 0
	reg[16] = 0
	reg[17] = 0
	reg[18] = 0
	reg[19] = 0
	reg[20] = 0
	reg[21] = 0
	reg[22] = 0
	reg[23] = 0
	reg[24] = 0
	reg[25] = 0
	reg[26] = 0
	reg[27] = 0
	reg[28] = 0
	reg[29] = 0
	reg[30] = 0
	reg[31] = 0
Mem (+- 5 starting with from pc)
	mem[pc + (-5)] : 00000000000100000000000100010011
	mem[pc + (-4)] : 00000000010100000000001000010011
	mem[pc + (-3)] : 00000000001000001000000110110011
	mem[pc + (-2)] : 00000000000000010000000010010011
	mem[pc + (-1)] : 00000000000000011000000100010011
	mem[pc + (0)] : 11111110010000011001101011100011
	mem[pc + (1)] : 01011101000000000000001010010011
	mem[pc + (2)] : 00000000000100000000000001110011
	mem[pc + (3)] : 00000000000000000000000000000000
	mem[pc + (4)] : 00000000000000000000000000000000
	mem[pc + (5)] : 00000000000000000000000000000000
some var mem from beginning:
	mem[0] : 00000000000000000000000000000000
	mem[4] : 00000000000000000000000000000000
	mem[8] : 00000000000000000000000000000000
	mem[12] : 00000000000000000000000000000000
	mem[16] : 00000000000000000000000000000000
	mem[20] : 00000000000000000000000000000000
	mem[24] : 00000000000000000000000000000000
	mem[28] : 00000000000000000000000000000000
	mem[32] : 00000000000000000000000000000000
	mem[36] : 00000000000000000000000000000000
	mem[40] : 00000000000000000000000000000000
	mem[44] : 00000000000000000000000000000000
	mem[48] : 00000000000000000000000000000000
	mem[52] : 00000000000000000000000000000000
	mem[56] : 00000000000000000000000000000000
	mem[60] : 00000000000000000000000000000000
	mem[64] : 00000000000000000000000000000000
---------------------------------------------------
PC : 4108
Registers : 
	reg[0] = 0
	reg[1] = 2
	reg[2] = 3
	reg[3] = 3
	reg[4] = 5
	reg[5] = 0
	reg[6] = 0
	reg[7] = 0
	reg[8] = 0
	reg[9] = 0
	reg[10] = 0
	reg[11] = 0
	reg[12] = 0
	reg[13] = 0
	reg[14] = 0
	reg[15] = 0
	reg[16] = 0
	reg[17] = 0
	reg[18] = 0
	reg[19] = 0
	reg[20] = 0
	reg[21] = 0
	reg[22] = 0
	reg[23] = 0
	reg[24] = 0
	reg[25] = 0
	reg[26] = 0
	reg[27] = 0
	reg[28] = 0
	reg[29] = 0
	reg[30] = 0
	reg[31] = 0
Mem (+- 5 starting with from pc)
	mem[pc + (-5)] : 00000000000000000000000000000000
	mem[pc + (-4)] : 00000000000000000000000000000000
	mem[pc + (-3)] : 00000000000100000000000010010011
	mem[pc + (-2)] : 00000000000100000000000100010011
	mem[pc + (-1)] : 00000000010100000000001000010011
	mem[pc + (0)] : 00000000001000001000000110110011
	mem[pc + (1)] : 00000000000000010000000010010011
	mem[pc + (2)] : 00000000000000011000000100010011
	mem[pc + (3)] : 11111110010000011001101011100011
	mem[pc + (4)] : 01011101000000000000001010010011
	mem[pc + (5)] : 00000000000100000000000001110011
some var mem from beginning:
	mem[0] : 00000000000000000000000000000000
	mem[4] : 00000000000000000000000000000000
	mem[8] : 00000000000000000000000000000000
	mem[12] : 00000000000000000000000000000000
	mem[16] : 00000000000000000000000000000000
	mem[20] : 00000000000000000000000000000000
	mem[24] : 00000000000000000000000000000000
	mem[28] : 00000000000000000000000000000000
	mem[32] : 00000000000000000000000000000000
	mem[36] : 00000000000000000000000000000000
	mem[40] : 00000000000000000000000000000000
	mem[44] : 00000000000000000000000000000000
	mem[48] : 00000000000000000000000000000000
	mem[52] : 00000000000000000000000000000000
	mem[56] : 00000000000000000000000000000000
	mem[60] : 00000000000000000000000000000000
	mem[64] : 00000000000000000000000000000000
---------------------------------------------------
PC : 4112
Registers : 
	reg[0] = 0
	reg[1] = 2
	reg[2] = 3
	reg[3] = 5
	reg[4] = 5
	reg[5] = 0
	reg[6] = 0
	reg[7] = 0
	reg[8] = 0
	reg[9] = 0
	reg[10] = 0
	reg[11] = 0
	reg[12] = 0
	reg[13] = 0
	reg[14] = 0
	reg[15] = 0
	reg[16] = 0
	reg[17] = 0
	reg[18] = 0
	reg[19] = 0
	reg[20] = 0
	reg[21] = 0
	reg[22] = 0
	reg[23] = 0
	reg[24] = 0
	reg[25] = 0
	reg[26] = 0
	reg[27] = 0
	reg[28] = 0
	reg[29] = 0
	reg[30] = 0
	reg[31] = 0
Mem (+- 5 starting with from pc)
	mem[pc + (-5)] : 00000000000000000000000000000000
	mem[pc + (-4)] : 00000000000100000000000010010011
	mem[pc + (-3)] : 00000000000100000000000100010011
	mem[pc + (-2)] : 00000000010100000000001000010011
	mem[pc + (-1)] : 00000000001000001000000110110011
	mem[pc + (0)] : 00000000000000010000000010010011
	mem[pc + (1)] : 00000000000000011000000100010011
	mem[pc + (2)] : 11111110010000011001101011100011
	mem[pc + (3)] : 01011101000000000000001010010011
	mem[pc + (4)] : 00000000000100000000000001110011
	mem[pc + (5)] : 00000000000000000000000000000000
some var mem from beginning:
	mem[0] : 00000000000000000000000000000000
	mem[4] : 00000000000000000000000000000000
	mem[8] : 00000000000000000000000000000000
	mem[12] : 00000000000000000000000000000000
	mem[16] : 00000000000000000000000000000000
	mem[20] : 00000000000000000000000000000000
	mem[24] : 00000000000000000000000000000000
	mem[28] : 00000000000000000000000000000000
	mem[32] : 00000000000000000000000000000000
	mem[36] : 00000000000000000000000000000000
	mem[40] : 00000000000000000000000000000000
	mem[44] : 00000000000000000000000000000000
	mem[48] : 00000000000000000000000000000000
	mem[52] : 00000000000000000000000000000000
	mem[56] : 00000000000000000000000000000000
	mem[60] : 00000000000000000000000000000000
	mem[64] : 00000000000000000000000000000000
---------------------------------------------------
PC : 4116
Registers : 
	reg[0] = 0
	reg[1] = 3
	reg[2] = 3
	reg[3] = 5
	reg[4] = 5
	reg[5] = 0
	reg[6] = 0
	reg[7] = 0
	reg[8] = 0
	reg[9] = 0
	reg[10] = 0
	reg[11] = 0
	reg[12] = 0
	reg[13] = 0
	reg[14] = 0
	reg[15] = 0
	reg[16] = 0
	reg[17] = 0
	reg[18] = 0
	reg[19] = 0
	reg[20] = 0
	reg[21] = 0
	reg[22] = 0
	reg[23] = 0
	reg[24] = 0
	reg[25] = 0
	reg[26] = 0
	reg[27] = 0
	reg[28] = 0
	reg[29] = 0
	reg[30] = 0
	reg[31] = 0
Mem (+- 5 starting with from pc)
	mem[pc + (-5)] : 00000000000100000000000010010011
	mem[pc + (-4)] : 00000000000100000000000100010011
	mem[pc + (-3)] : 00000000010100000000001000010011
	mem[pc + (-2)] : 00000000001000001000000110110011
	mem[pc + (-1)] : 00000000000000010000000010010011
	mem[pc + (0)] : 00000000000000011000000100010011
	mem[pc + (1)] : 11111110010000011001101011100011
	mem[pc + (2)] : 01011101000000000000001010010011
	mem[pc + (3)] : 00000000000100000000000001110011
	mem[pc + (4)] : 00000000000000000000000000000000
	mem[pc + (5)] : 00000000000000000000000000000000
some var mem from beginning:
	mem[0] : 00000000000000000000000000000000
	mem[4] : 00000000000000000000000000000000
	mem[8] : 00000000000000000000000000000000
	mem[12] : 00000000000000000000000000000000
	mem[16] : 00000000000000000000000000000000
	mem[20] : 00000000000000000000000000000000
	mem[24] : 00000000000000000000000000000000
	mem[28] : 00000000000000000000000000000000
	mem[32] : 00000000000000000000000000000000
	mem[36] : 00000000000000000000000000000000
	mem[40] : 00000000000000000000000000000000
	mem[44] : 00000000000000000000000000000000
	mem[48] : 00000000000000000000000000000000
	mem[52] : 00000000000000000000000000000000
	mem[56] : 00000000000000000000000000000000
	mem[60] : 00000000000000000000000000000000
	mem[64] : 00000000000000000000000000000000
---------------------------------------------------
PC : 4120
Registers : 
	reg[0] = 0
	reg[1] = 3
	reg[2] = 5
	reg[3] = 5
	reg[4] = 5
	reg[5] = 0
	reg[6] = 0
	reg[7] = 0
	reg[8] = 0
	reg[9] = 0
	reg[10] = 0
	reg[11] = 0
	reg[12] = 0
	reg[13] = 0
	reg[14] = 0
	reg[15] = 0
	reg[16] = 0
	reg[17] = 0
	reg[18] = 0
	reg[19] = 0
	reg[20] = 0
	reg[21] = 0
	reg[22] = 0
	reg[23] = 0
	reg[24] = 0
	reg[25] = 0
	reg[26] = 0
	reg[27] = 0
	reg[28] = 0
	reg[29] = 0
	reg[30] = 0
	reg[31] = 0
Mem (+- 5 starting with from pc)
	mem[pc + (-5)] : 00000000000100000000000100010011
	mem[pc + (-4)] : 00000000010100000000001000010011
	mem[pc + (-3)] : 00000000001000001000000110110011
	mem[pc + (-2)] : 00000000000000010000000010010011
	mem[pc + (-1)] : 00000000000000011000000100010011
	mem[pc + (0)] : 11111110010000011001101011100011
	mem[pc + (1)] : 01011101000000000000001010010011
	mem[pc + (2)] : 00000000000100000000000001110011
	mem[pc + (3)] : 00000000000000000000000000000000
	mem[pc + (4)] : 00000000000000000000000000000000
	mem[pc + (5)] : 00000000000000000000000000000000
some var mem from beginning:
	mem[0] : 00000000000000000000000000000000
	mem[4] : 00000000000000000000000000000000
	mem[8] : 00000000000000000000000000000000
	mem[12] : 00000000000000000000000000000000
	mem[16] : 00000000000000000000000000000000
	mem[20] : 00000000000000000000000000000000
	mem[24] : 00000000000000000000000000000000
	mem[28] : 00000000000000000000000000000000
	mem[32] : 00000000000000000000000000000000
	mem[36] : 00000000000000000000000000000000
	mem[40] : 00000000000000000000000000000000
	mem[44] : 00000000000000000000000000000000
	mem[48] : 00000000000000000000000000000000
	mem[52] : 00000000000000000000000000000000
	mem[56] : 00000000000000000000000000000000
	mem[60] : 00000000000000000000000000000000
	mem[64] : 00000000000000000000000000000000
---------------------------------------------------
PC : 4124
Registers : 
	reg[0] = 0
	reg[1] = 3
	reg[2] = 5
	reg[3] = 5
	reg[4] = 5
	reg[5] = 0
	reg[6] = 0
	reg[7] = 0
	reg[8] = 0
	reg[9] = 0
	reg[10] = 0
	reg[11] = 0
	reg[12] = 0
	reg[13] = 0
	reg[14] = 0
	reg[15] = 0
	reg[16] = 0
	reg[17] = 0
	reg[18] = 0
	reg[19] = 0
	reg[20] = 0
	reg[21] = 0
	reg[22] = 0
	reg[23] = 0
	reg[24] = 0
	reg[25] = 0
	reg[26] = 0
	reg[27] = 0
	reg[28] = 0
	reg[29] = 0
	reg[30] = 0
	reg[31] = 0
Mem (+- 5 starting with from pc)
	mem[pc + (-5)] : 00000000010100000000001000010011
	mem[pc + (-4)] : 00000000001000001000000110110011
	mem[pc + (-3)] : 00000000000000010000000010010011
	mem[pc + (-2)] : 00000000000000011000000100010011
	mem[pc + (-1)] : 11111110010000011001101011100011
	mem[pc + (0)] : 01011101000000000000001010010011
	mem[pc + (1)] : 00000000000100000000000001110011
	mem[pc + (2)] : 00000000000000000000000000000000
	mem[pc + (3)] : 00000000000000000000000000000000
	mem[pc + (4)] : 00000000000000000000000000000000
	mem[pc + (5)] : 00000000000000000000000000000000
some var mem from beginning:
	mem[0] : 00000000000000000000000000000000
	mem[4] : 00000000000000000000000000000000
	mem[8] : 00000000000000000000000000000000
	mem[12] : 00000000000000000000000000000000
	mem[16] : 00000000000000000000000000000000
	mem[20] : 00000000000000000000000000000000
	mem[24] : 00000000000000000000000000000000
	mem[28] : 00000000000000000000000000000000
	mem[32] : 00000000000000000000000000000000
	mem[36] : 00000000000000000000000000000000
	mem[40] : 00000000000000000000000000000000
	mem[44] : 00000000000000000000000000000000
	mem[48] : 00000000000000000000000000000000
	mem[52] : 00000000000000000000000000000000
	mem[56] : 00000000000000000000000000000000
	mem[60] : 00000000000000000000000000000000
	mem[64] : 00000000000000000000000000000000
---------------------------------------------------
PC : 4128
Registers : 
	reg[0] = 0
	reg[1] = 3
	reg[2] = 5
	reg[3] = 5
	reg[4] = 5
	reg[5] = 1488
	reg[6] = 0
	reg[7] = 0
	reg[8] = 0
	reg[9] = 0
	reg[10] = 0
	reg[11] = 0
	reg[12] = 0
	reg[13] = 0
	reg[14] = 0
	reg[15] = 0
	reg[16] = 0
	reg[17] = 0
	reg[18] = 0
	reg[19] = 0
	reg[20] = 0
	reg[21] = 0
	reg[22] = 0
	reg[23] = 0
	reg[24] = 0
	reg[25] = 0
	reg[26] = 0
	reg[27] = 0
	reg[28] = 0
	reg[29] = 0
	reg[30] = 0
	reg[31] = 0
Mem (+- 5 starting with from pc)
	mem[pc + (-5)] : 00000000001000001000000110110011
	mem[pc + (-4)] : 00000000000000010000000010010011
	mem[pc + (-3)] : 00000000000000011000000100010011
	mem[pc + (-2)] : 11111110010000011001101011100011
	mem[pc + (-1)] : 01011101000000000000001010010011
	mem[pc + (0)] : 00000000000100000000000001110011
	mem[pc + (1)] : 00000000000000000000000000000000
	mem[pc + (2)] : 00000000000000000000000000000000
	mem[pc + (3)] : 00000000000000000000000000000000
	mem[pc + (4)] : 00000000000000000000000000000000
	mem[pc + (5)] : 00000000000000000000000000000000
some var mem from beginning:
	mem[0] : 00000000000000000000000000000000
	mem[4] : 00000000000000000000000000000000
	mem[8] : 00000000000000000000000000000000
	mem[12] : 00000000000000000000000000000000
	mem[16] : 00000000000000000000000000000000
	mem[20] : 00000000000000000000000000000000
	mem[24] : 00000000000000000000000000000000
	mem[28] : 00000000000000000000000000000000
	mem[32] : 00000000000000000000000000000000
	mem[36] : 00000000000000000000000000000000
	mem[40] : 00000000000000000000000000000000
	mem[44] : 00000000000000000000000000000000
	mem[48] : 00000000000000000000000000000000
	mem[52] : 00000000000000000000000000000000
	mem[56] : 00000000000000000000000000000000
	mem[60] : 00000000000000000000000000000000
	mem[64] : 00000000000000000000000000000000
---------------------------------------------------
PC : 4128
Registers : 
	reg[0] = 0
	reg[1] = 3
	reg[2] = 5
	reg[3] = 5
	reg[4] = 5
	reg[5] = 1488
	reg[6] = 0
	reg[7] = 0
	reg[8] = 0
	reg[9] = 0
	reg[10] = 0
	reg[11] = 0
	reg[12] = 0
	reg[13] = 0
	reg[14] = 0
	reg[15] = 0
	reg[16] = 0
	reg[17] = 0
	reg[18] = 0
	reg[19] = 0
	reg[20] = 0
	reg[21] = 0
	reg[22] = 0
	reg[23] = 0
	reg[24] = 0
	reg[25] = 0
	reg[26] = 0
	reg[27] = 0
	reg[28] = 0
	reg[29] = 0
	reg[30] = 0
	reg[31] = 0
Mem (+- 5 starting with from pc)
	mem[pc + (-5)] : 00000000001000001000000110110011
	mem[pc + (-4)] : 00000000000000010000000010010011
	mem[pc + (-3)] : 00000000000000011000000100010011
	mem[pc + (-2)] : 11111110010000011001101011100011
	mem[pc + (-1)] : 01011101000000000000001010010011
	mem[pc + (0)] : 00000000000100000000000001110011
	mem[pc + (1)] : 00000000000000000000000000000000
	mem[pc + (2)] : 00000000000000000000000000000000
	mem[pc + (3)] : 00000000000000000000000000000000
	mem[pc + (4)] : 00000000000000000000000000000000
	mem[pc + (5)] : 00000000000000000000000000000000
some var mem from beginning:
	mem[0] : 00000000000000000000000000000000
	mem[4] : 00000000000000000000000000000000
	mem[8] : 00000000000000000000000000000000
	mem[12] : 00000000000000000000000000000000
	mem[16] : 00000000000000000000000000000000
	mem[20] : 00000000000000000000000000000000
	mem[24] : 00000000000000000000000000000000
	mem[28] : 00000000000000000000000000000000
	mem[32] : 00000000000000000000000000000000
	mem[36] : 00000000000000000000000000000000
	mem[40] : 00000000000000000000000000000000
	mem[44] : 00000000000000000000000000000000
	mem[48] : 00000000000000000000000000000000
	mem[52] : 00000000000000000000000000000000
	mem[56] : 00000000000000000000000000000000
	mem[60] : 00000000000000000000000000000000
	mem[64] : 00000000000000000000000000000000
---------------------------------------------------
